// Jest Snapshot v1, https://goo.gl/fbAQLP

exports[`App Renders successfully 1`] = `
<div
  id="app"
>
  <Connect(MainWeatherPanel) />
  <Connect(FavoritesList) />
  <NotificationContainer
    enterTimeout={400}
    leaveTimeout={400}
  />
</div>
`;
