// Jest Snapshot v1, https://goo.gl/fbAQLP

exports[`HeaderComponent Should render successfully 1`] = `
<div
  id="app-header"
>
  <div
    className="header-text-container"
  >
    <h1
      className="header-text"
    >
      Погода здесь
    </h1>
  </div>
  <div
    className="button-container"
  >
    <button
      className="geo-refresh-button"
    >
      Обновить геолокацию
    </button>
  </div>
</div>
`;
